---
source: crates/sourcepawn_lsp/tests/text_document/goto_definition/methodmaps.rs
assertion_line: 60
expression: "goto_definition(r#\"\n%! main.sp\nmethodmap Foo {\n    public void Foo(int foo) {\n        foo += 1;\n         |\n         ^\n    }\n}\n\"#)"
---
[
  {
    "originSelectionRange": {
      "start": {
        "line": 2,
        "character": 8
      },
      "end": {
        "line": 2,
        "character": 11
      }
    },
    "targetUri": "file:///main.sp",
    "targetRange": {
      "start": {
        "line": 1,
        "character": 20
      },
      "end": {
        "line": 1,
        "character": 27
      }
    },
    "targetSelectionRange": {
      "start": {
        "line": 1,
        "character": 24
      },
      "end": {
        "line": 1,
        "character": 27
      }
    }
  }
]
