---
source: crates/sourcepawn_lsp/tests/text_document/goto_definition/methodmaps.rs
assertion_line: 295
expression: "goto_definition(r#\"\n%! main.sp\nmethodmap Foo {\n    property int Foo {\n        public set(int foo) {}\n                |\n                ^\n    }\n}\n\"#)"
---
[
  {
    "originSelectionRange": {
      "start": {
        "line": 2,
        "character": 15
      },
      "end": {
        "line": 2,
        "character": 18
      }
    },
    "targetUri": "file:///main.sp",
    "targetRange": {
      "start": {
        "line": 2,
        "character": 8
      },
      "end": {
        "line": 2,
        "character": 30
      }
    },
    "targetSelectionRange": {
      "start": {
        "line": 2,
        "character": 15
      },
      "end": {
        "line": 2,
        "character": 18
      }
    }
  }
]
