---
source: crates/sourcepawn_lsp/tests/text_document/goto_definition/mod.rs
assertion_line: 170
expression: "goto_definition(r#\"\n%! main.sp\nenum struct Foo {\n    int foo;\n}\n\nvoid bar() {\n    Foo foo;\n    int bar = foo.foo;\n                   |\n                   ^\n}\n\"#)"
---
[
  {
    "originSelectionRange": {
      "start": {
        "line": 6,
        "character": 18
      },
      "end": {
        "line": 6,
        "character": 21
      }
    },
    "targetUri": "file:///main.sp",
    "targetRange": {
      "start": {
        "line": 1,
        "character": 4
      },
      "end": {
        "line": 1,
        "character": 12
      }
    },
    "targetSelectionRange": {
      "start": {
        "line": 1,
        "character": 8
      },
      "end": {
        "line": 1,
        "character": 11
      }
    }
  }
]
