---
source: crates/preprocessor/tests/main.rs
assertion_line: 681
expression: "PreprocessingResult_ :: from(res)"
---
{
  "vec": [
    [
      0,
      20,
      0,
      20
    ]
  ],
  "expanded_symbols": []
}
