---
source: crates/preprocessor/tests/main.rs
assertion_line: 101
expression: res.preprocessed_text()
---
#define FOO

    int foo;

