---
source: crates/preprocessor/tests/main.rs
assertion_line: 202
expression: "SourcepawnPreprocessor::new(FileId::from(0), input,\n                &mut extend_macros).preprocess_input().preprocessed_text().as_ref()"
---
#define FOO 1 /* comment */
int foo = 1;

