---
source: crates/preprocessor/tests/main.rs
assertion_line: 101
expression: "PreprocessingResult_ :: from(res)"
---
{
  "vec": [
    [
      0,
      7,
      0,
      7
    ],
    [
      8,
      11,
      8,
      11
    ],
    [
      32,
      35,
      17,
      20
    ],
    [
      36,
      39,
      21,
      24
    ],
    [
      39,
      40,
      24,
      25
    ]
  ],
  "expanded_symbols": [
    [
      24,
      27,
      24,
      27,
      0,
      0
    ]
  ]
}
