---
source: crates/sourcepawn-studio/tests/text_document/hover/macros.rs
assertion_line: 46
expression: "hover(r#\"\n%! main.sp\n#define FOO 1 + 1\nint foo = FOO + FOO;\n                 |\n                 ^\n\"#)"
---
{
  "contents": {
    "kind": "markdown",
    "value": "```sourcepawn\n#define FOO 1 + 1\n```\nExpands to:\n```sourcepawn\n1 + 1\n```"
  },
  "range": {
    "start": {
      "line": 1,
      "character": 16
    },
    "end": {
      "line": 1,
      "character": 19
    }
  },
  "actions": []
}
