---
source: crates/sourcepawn-studio/tests/text_document/goto_definition/methodmaps.rs
assertion_line: 345
expression: "goto_definition(r#\"\n%! main.sp\nmethodmap Foo {\n    property int Foo {\n        public set(int foo) {\n            int foo;\n            foo += 1;\n             |\n             ^\n        }\n    }\n}\n\"#)"
---
[
  {
    "originSelectionRange": {
      "start": {
        "line": 4,
        "character": 12
      },
      "end": {
        "line": 4,
        "character": 15
      }
    },
    "targetUri": "file:///main.sp",
    "targetRange": {
      "start": {
        "line": 3,
        "character": 16
      },
      "end": {
        "line": 3,
        "character": 19
      }
    },
    "targetSelectionRange": {
      "start": {
        "line": 3,
        "character": 16
      },
      "end": {
        "line": 3,
        "character": 19
      }
    }
  }
]
